This is pdfTeX, Version 3.14159265-2.6-1.40.21 (MiKTeX 20.11) (preloaded format=pdflatex 2020.11.3)  15 MAR 2021 00:19
entering extended mode
**c:/Users/lucad/PyLaTeXManager/PyLaTeXManager/test.tex
(c:/Users/lucad/PyLaTeXManager/PyLaTeXManager/test.tex
LaTeX2e <2020-10-01> patch level 2
L3 programming layer <2020-10-27> xparse <2020-03-03>

! LaTeX Error: File `ctest.cls' not found.

Type X to quit or <RETURN> to proceed,
or enter new name. (Default extension: cls)

Enter file name: 
 :2: Emergency stop.
<read *> 
         
l.2 
     
*** (cannot \read from terminal in nonstop modes)

 
Here is how much of TeX's memory you used:
 23 strings out of 479799
 580 string characters out of 2869723
 264509 words of memory out of 3000000
 17112 multiletter control sequences out of 15000+200000
 535088 words of font info for 29 fonts, out of 3000000 for 9000
 1141 hyphenation exceptions out of 8191
 32i,0n,39p,106b,13s stack positions out of 5000i,500n,10000p,200000b,50000s
 :2:  ==> Fatal error occurred, no output PDF file produced!
